Archive member included to satisfy reference by file (symbol)

c:/st/stm32cubeide_1.7.0/stm32cubeide/plugins/com.st.stm32cube.ide.mcu.externaltools.gnu-tools-for-stm32.10.3-2021.10.win32_1.0.0.202111181127/tools/bin/../lib/gcc/arm-none-eabi/10.3.1/../../../../arm-none-eabi/lib/thumb/v7-m/nofp\libc_nano.a(lib_a-errno.o)
                              ./Core/Src/syscalls.o (__errno)
c:/st/stm32cubeide_1.7.0/stm32cubeide/plugins/com.st.stm32cube.ide.mcu.externaltools.gnu-tools-for-stm32.10.3-2021.10.win32_1.0.0.202111181127/tools/bin/../lib/gcc/arm-none-eabi/10.3.1/../../../../arm-none-eabi/lib/thumb/v7-m/nofp\libc_nano.a(lib_a-exit.o)
                              c:/st/stm32cubeide_1.7.0/stm32cubeide/plugins/com.st.stm32cube.ide.mcu.externaltools.gnu-tools-for-stm32.10.3-2021.10.win32_1.0.0.202111181127/tools/bin/../lib/gcc/arm-none-eabi/10.3.1/../../../../arm-none-eabi/lib/thumb/v7-m/nofp/crt0.o (exit)
c:/st/stm32cubeide_1.7.0/stm32cubeide/plugins/com.st.stm32cube.ide.mcu.externaltools.gnu-tools-for-stm32.10.3-2021.10.win32_1.0.0.202111181127/tools/bin/../lib/gcc/arm-none-eabi/10.3.1/../../../../arm-none-eabi/lib/thumb/v7-m/nofp\libc_nano.a(lib_a-impure.o)
                              c:/st/stm32cubeide_1.7.0/stm32cubeide/plugins/com.st.stm32cube.ide.mcu.externaltools.gnu-tools-for-stm32.10.3-2021.10.win32_1.0.0.202111181127/tools/bin/../lib/gcc/arm-none-eabi/10.3.1/../../../../arm-none-eabi/lib/thumb/v7-m/nofp\libc_nano.a(lib_a-exit.o) (_global_impure_ptr)
c:/st/stm32cubeide_1.7.0/stm32cubeide/plugins/com.st.stm32cube.ide.mcu.externaltools.gnu-tools-for-stm32.10.3-2021.10.win32_1.0.0.202111181127/tools/bin/../lib/gcc/arm-none-eabi/10.3.1/../../../../arm-none-eabi/lib/thumb/v7-m/nofp\libc_nano.a(lib_a-init.o)
                              c:/st/stm32cubeide_1.7.0/stm32cubeide/plugins/com.st.stm32cube.ide.mcu.externaltools.gnu-tools-for-stm32.10.3-2021.10.win32_1.0.0.202111181127/tools/bin/../lib/gcc/arm-none-eabi/10.3.1/../../../../arm-none-eabi/lib/thumb/v7-m/nofp/crt0.o (__libc_init_array)
c:/st/stm32cubeide_1.7.0/stm32cubeide/plugins/com.st.stm32cube.ide.mcu.externaltools.gnu-tools-for-stm32.10.3-2021.10.win32_1.0.0.202111181127/tools/bin/../lib/gcc/arm-none-eabi/10.3.1/../../../../arm-none-eabi/lib/thumb/v7-m/nofp\libc_nano.a(lib_a-memset.o)
                              c:/st/stm32cubeide_1.7.0/stm32cubeide/plugins/com.st.stm32cube.ide.mcu.externaltools.gnu-tools-for-stm32.10.3-2021.10.win32_1.0.0.202111181127/tools/bin/../lib/gcc/arm-none-eabi/10.3.1/../../../../arm-none-eabi/lib/thumb/v7-m/nofp/crt0.o (memset)

Discarded input sections

 .text          0x0000000000000000        0x0 c:/st/stm32cubeide_1.7.0/stm32cubeide/plugins/com.st.stm32cube.ide.mcu.externaltools.gnu-tools-for-stm32.10.3-2021.10.win32_1.0.0.202111181127/tools/bin/../lib/gcc/arm-none-eabi/10.3.1/thumb/v7-m/nofp/crti.o
 .data          0x0000000000000000        0x0 c:/st/stm32cubeide_1.7.0/stm32cubeide/plugins/com.st.stm32cube.ide.mcu.externaltools.gnu-tools-for-stm32.10.3-2021.10.win32_1.0.0.202111181127/tools/bin/../lib/gcc/arm-none-eabi/10.3.1/thumb/v7-m/nofp/crti.o
 .bss           0x0000000000000000        0x0 c:/st/stm32cubeide_1.7.0/stm32cubeide/plugins/com.st.stm32cube.ide.mcu.externaltools.gnu-tools-for-stm32.10.3-2021.10.win32_1.0.0.202111181127/tools/bin/../lib/gcc/arm-none-eabi/10.3.1/thumb/v7-m/nofp/crti.o
 .data          0x0000000000000000        0x4 c:/st/stm32cubeide_1.7.0/stm32cubeide/plugins/com.st.stm32cube.ide.mcu.externaltools.gnu-tools-for-stm32.10.3-2021.10.win32_1.0.0.202111181127/tools/bin/../lib/gcc/arm-none-eabi/10.3.1/thumb/v7-m/nofp/crtbegin.o
 .rodata        0x0000000000000000       0x24 c:/st/stm32cubeide_1.7.0/stm32cubeide/plugins/com.st.stm32cube.ide.mcu.externaltools.gnu-tools-for-stm32.10.3-2021.10.win32_1.0.0.202111181127/tools/bin/../lib/gcc/arm-none-eabi/10.3.1/thumb/v7-m/nofp/crtbegin.o
 .text          0x0000000000000000       0x7c c:/st/stm32cubeide_1.7.0/stm32cubeide/plugins/com.st.stm32cube.ide.mcu.externaltools.gnu-tools-for-stm32.10.3-2021.10.win32_1.0.0.202111181127/tools/bin/../lib/gcc/arm-none-eabi/10.3.1/../../../../arm-none-eabi/lib/thumb/v7-m/nofp/crt0.o
 .data          0x0000000000000000        0x0 c:/st/stm32cubeide_1.7.0/stm32cubeide/plugins/com.st.stm32cube.ide.mcu.externaltools.gnu-tools-for-stm32.10.3-2021.10.win32_1.0.0.202111181127/tools/bin/../lib/gcc/arm-none-eabi/10.3.1/../../../../arm-none-eabi/lib/thumb/v7-m/nofp/crt0.o
 .bss           0x0000000000000000        0x0 c:/st/stm32cubeide_1.7.0/stm32cubeide/plugins/com.st.stm32cube.ide.mcu.externaltools.gnu-tools-for-stm32.10.3-2021.10.win32_1.0.0.202111181127/tools/bin/../lib/gcc/arm-none-eabi/10.3.1/../../../../arm-none-eabi/lib/thumb/v7-m/nofp/crt0.o
[...]
Memory Configuration

Name             Origin             Length             Attributes
RAM              0x0000000020000000 0x0000000000005000 xrw
FLASH            0x0000000008000000 0x0000000000020000 xr
*default*        0x0000000000000000 0xffffffffffffffff

Linker script and memory map

LOAD c:/st/stm32cubeide_1.7.0/stm32cubeide/plugins/com.st.stm32cube.ide.mcu.externaltools.gnu-tools-for-stm32.10.3-2021.10.win32_1.0.0.202111181127/tools/bin/../lib/gcc/arm-none-eabi/10.3.1/thumb/v7-m/nofp/crti.o
LOAD c:/st/stm32cubeide_1.7.0/stm32cubeide/plugins/com.st.stm32cube.ide.mcu.externaltools.gnu-tools-for-stm32.10.3-2021.10.win32_1.0.0.202111181127/tools/bin/../lib/gcc/arm-none-eabi/10.3.1/thumb/v7-m/nofp/crtbegin.o
LOAD c:/st/stm32cubeide_1.7.0/stm32cubeide/plugins/com.st.stm32cube.ide.mcu.externaltools.gnu-tools-for-stm32.10.3-2021.10.win32_1.0.0.202111181127/tools/bin/../lib/gcc/arm-none-eabi/10.3.1/../../../../arm-none-eabi/lib/thumb/v7-m/nofp/crt0.o
LOAD ./Core/Src/TrafficLight.o
LOAD ./Core/Src/fsm_automatic.o
LOAD ./Core/Src/fsm_manual.o
LOAD ./Core/Src/global.o
LOAD ./Core/Src/input_reading.o
LOAD ./Core/Src/main.o
LOAD ./Core/Src/stm32f1xx_hal_msp.o
LOAD ./Core/Src/stm32f1xx_it.o
LOAD ./Core/Src/syscalls.o
LOAD ./Core/Src/sysmem.o
LOAD ./Core/Src/system_stm32f1xx.o
LOAD ./Core/Src/timer.o
LOAD ./Core/Startup/startup_stm32f103rbtx.o
LOAD ./Drivers/STM32F1xx_HAL_Driver/Src/stm32f1xx_hal.o
LOAD ./Drivers/STM32F1xx_HAL_Driver/Src/stm32f1xx_hal_cortex.o
LOAD ./Drivers/STM32F1xx_HAL_Driver/Src/stm32f1xx_hal_dma.o
LOAD ./Drivers/STM32F1xx_HAL_Driver/Src/stm32f1xx_hal_exti.o
LOAD ./Drivers/STM32F1xx_HAL_Driver/Src/stm32f1xx_hal_flash.o
LOAD ./Drivers/STM32F1xx_HAL_Driver/Src/stm32f1xx_hal_flash_ex.o
LOAD ./Drivers/STM32F1xx_HAL_Driver/Src/stm32f1xx_hal_gpio.o
LOAD ./Drivers/STM32F1xx_HAL_Driver/Src/stm32f1xx_hal_gpio_ex.o
LOAD ./Drivers/STM32F1xx_HAL_Driver/Src/stm32f1xx_hal_pwr.o
LOAD ./Drivers/STM32F1xx_HAL_Driver/Src/stm32f1xx_hal_rcc.o
LOAD ./Drivers/STM32F1xx_HAL_Driver/Src/stm32f1xx_hal_rcc_ex.o
LOAD ./Drivers/STM32F1xx_HAL_Driver/Src/stm32f1xx_hal_tim.o
LOAD ./Drivers/STM32F1xx_HAL_Driver/Src/stm32f1xx_hal_tim_ex.o
LOAD ./Drivers/STM32F1xx_HAL_Driver/Src/stm32f1xx_hal_uart.o
START GROUP
LOAD c:/st/stm32cubeide_1.7.0/stm32cubeide/plugins/com.st.stm32cube.ide.mcu.externaltools.gnu-tools-for-stm32.10.3-2021.10.win32_1.0.0.202111181127/tools/bin/../lib/gcc/arm-none-eabi/10.3.1/../../../../arm-none-eabi/lib/thumb/v7-m/nofp\libc_nano.a
LOAD c:/st/stm32cubeide_1.7.0/stm32cubeide/plugins/com.st.stm32cube.ide.mcu.externaltools.gnu-tools-for-stm32.10.3-2021.10.win32_1.0.0.202111181127/tools/bin/../lib/gcc/arm-none-eabi/10.3.1/../../../../arm-none-eabi/lib/thumb/v7-m/nofp\libm.a
END GROUP
START GROUP
LOAD c:/st/stm32cubeide_1.7.0/stm32cubeide/plugins/com.st.stm32cube.ide.mcu.externaltools.gnu-tools-for-stm32.10.3-2021.10.win32_1.0.0.202111181127/tools/bin/../lib/gcc/arm-none-eabi/10.3.1/thumb/v7-m/nofp\libgcc.a
LOAD c:/st/stm32cubeide_1.7.0/stm32cubeide/plugins/com.st.stm32cube.ide.mcu.externaltools.gnu-tools-for-stm32.10.3-2021.10.win32_1.0.0.202111181127/tools/bin/../lib/gcc/arm-none-eabi/10.3.1/../../../../arm-none-eabi/lib/thumb/v7-m/nofp\libc_nano.a
END GROUP
START GROUP
LOAD c:/st/stm32cubeide_1.7.0/stm32cubeide/plugins/com.st.stm32cube.ide.mcu.externaltools.gnu-tools-for-stm32.10.3-2021.10.win32_1.0.0.202111181127/tools/bin/../lib/gcc/arm-none-eabi/10.3.1/thumb/v7-m/nofp\libgcc.a
LOAD c:/st/stm32cubeide_1.7.0/stm32cubeide/plugins/com.st.stm32cube.ide.mcu.externaltools.gnu-tools-for-stm32.10.3-2021.10.win32_1.0.0.202111181127/tools/bin/../lib/gcc/arm-none-eabi/10.3.1/../../../../arm-none-eabi/lib/thumb/v7-m/nofp\libc_nano.a
LOAD c:/st/stm32cubeide_1.7.0/stm32cubeide/plugins/com.st.stm32cube.ide.mcu.externaltools.gnu-tools-for-stm32.10.3-2021.10.win32_1.0.0.202111181127/tools/bin/../lib/gcc/arm-none-eabi/10.3.1/../../../../arm-none-eabi/lib/thumb/v7-m/nofp\libnosys.a
END GROUP
START GROUP
LOAD c:/st/stm32cubeide_1.7.0/stm32cubeide/plugins/com.st.stm32cube.ide.mcu.externaltools.gnu-tools-for-stm32.10.3-2021.10.win32_1.0.0.202111181127/tools/bin/../lib/gcc/arm-none-eabi/10.3.1/thumb/v7-m/nofp\libgcc.a
LOAD c:/st/stm32cubeide_1.7.0/stm32cubeide/plugins/com.st.stm32cube.ide.mcu.externaltools.gnu-tools-for-stm32.10.3-2021.10.win32_1.0.0.202111181127/tools/bin/../lib/gcc/arm-none-eabi/10.3.1/../../../../arm-none-eabi/lib/thumb/v7-m/nofp\libc_nano.a
LOAD c:/st/stm32cubeide_1.7.0/stm32cubeide/plugins/com.st.stm32cube.ide.mcu.externaltools.gnu-tools-for-stm32.10.3-2021.10.win32_1.0.0.202111181127/tools/bin/../lib/gcc/arm-none-eabi/10.3.1/../../../../arm-none-eabi/lib/thumb/v7-m/nofp\libnosys.a
END GROUP
LOAD c:/st/stm32cubeide_1.7.0/stm32cubeide/plugins/com.st.stm32cube.ide.mcu.externaltools.gnu-tools-for-stm32.10.3-2021.10.win32_1.0.0.202111181127/tools/bin/../lib/gcc/arm-none-eabi/10.3.1/thumb/v7-m/nofp/crtend.o
LOAD c:/st/stm32cubeide_1.7.0/stm32cubeide/plugins/com.st.stm32cube.ide.mcu.externaltools.gnu-tools-for-stm32.10.3-2021.10.win32_1.0.0.202111181127/tools/bin/../lib/gcc/arm-none-eabi/10.3.1/thumb/v7-m/nofp/crtn.o
                0x0000000020005000                _estack = (ORIGIN (RAM) + LENGTH (RAM))
                0x0000000000000200                _Min_Heap_Size = 0x200
                0x0000000000000400                _Min_Stack_Size = 0x400

.isr_vector     0x0000000008000000      0x10c
                0x0000000008000000                . = ALIGN (0x4)
 *(.isr_vector)
 .isr_vector    0x0000000008000000      0x10c ./Core/Startup/startup_stm32f103rbtx.o
                0x0000000008000000                g_pfnVectors
                0x000000000800010c                . = ALIGN (0x4)

.text           0x000000000800010c     0x3660
                0x000000000800010c                . = ALIGN (0x4)
 *(.text)
 .text          0x000000000800010c       0x40 c:/st/stm32cubeide_1.7.0/stm32cubeide/plugins/com.st.stm32cube.ide.mcu.externaltools.gnu-tools-for-stm32.10.3-2021.10.win32_1.0.0.202111181127/tools/bin/../lib/gcc/arm-none-eabi/10.3.1/thumb/v7-m/nofp/crtbegin.o
 *(.text*)
 .text.setGreenLed1
                0x000000000800014c       0x28 ./Core/Src/TrafficLight.o
                0x000000000800014c                setGreenLed1
 .text.setYellowLed1
                0x0000000008000174       0x28 ./Core/Src/TrafficLight.o
                0x0000000008000174                setYellowLed1
 .text.setRedLed1
                0x000000000800019c       0x28 ./Core/Src/TrafficLight.o
                0x000000000800019c                setRedLed1
 .text.setGreenLed2
                0x00000000080001c4       0x20 ./Core/Src/TrafficLight.o
                0x00000000080001c4                setGreenLed2
 .text.setYellowLed2
                0x00000000080001e4       0x20 ./Core/Src/TrafficLight.o
                0x00000000080001e4                setYellowLed2
 .text.setRedLed2
                0x0000000008000204       0x20 ./Core/Src/TrafficLight.o
                0x0000000008000204                setRedLed2
 .text.clearAllLed
                0x0000000008000224       0x3c ./Core/Src/TrafficLight.o
                0x0000000008000224                clearAllLed
 .text.toggleRed1
                0x0000000008000260       0x24 ./Core/Src/TrafficLight.o
                0x0000000008000260                toggleRed1
 .text.toggleYellow1
                0x0000000008000284       0x24 ./Core/Src/TrafficLight.o
                0x0000000008000284                toggleYellow1
 .text.toggleGreen1
                0x00000000080002a8       0x24 ./Core/Src/TrafficLight.o
                0x00000000080002a8                toggleGreen1
 .text.toggleRed2
                0x00000000080002cc       0x24 ./Core/Src/TrafficLight.o
                0x00000000080002cc                toggleRed2
 .text.toggleYellow2
                0x00000000080002f0       0x24 ./Core/Src/TrafficLight.o
                0x00000000080002f0                toggleYellow2
 .text.toggleGreen2
                0x0000000008000314       0x24 ./Core/Src/TrafficLight.o
                0x0000000008000314                toggleGreen2
 .text.fsm1_automatic_run
                0x0000000008000338      0x27c ./Core/Src/fsm_automatic.o
                0x0000000008000338                fsm1_automatic_run
 .text.fsm2_automatic_run
                0x00000000080005b4      0x170 ./Core/Src/fsm_automatic.o
                0x00000000080005b4                fsm2_automatic_run
 .text.fsm_modify_timer_control
                0x0000000008000724      0x664 ./Core/Src/fsm_manual.o
                0x0000000008000724                fsm_modify_timer_control
 .text.button_reading
                0x0000000008000d88      0x168 ./Core/Src/input_reading.o
                0x0000000008000d88                button_reading
 .text.isButtonPressed
                0x0000000008000ef0       0x40 ./Core/Src/input_reading.o
                0x0000000008000ef0                isButtonPressed
 .text.isButtonPressed1s
                0x0000000008000f30       0x48 ./Core/Src/input_reading.o
                0x0000000008000f30                isButtonPressed1s
 .text.main     0x0000000008000f78       0x48 ./Core/Src/main.o
                0x0000000008000f78                main
 .text.SystemClock_Config
                0x0000000008000fc0       0x82 ./Core/Src/main.o
                0x0000000008000fc0                SystemClock_Config
 *fill*         0x0000000008001042        0x2 
 .text.MX_TIM2_Init
                0x0000000008001044       0x98 ./Core/Src/main.o
 .text.MX_TIM3_Init
                0x00000000080010dc       0xec ./Core/Src/main.o
 .text.MX_USART2_UART_Init
                0x00000000080011c8       0x54 ./Core/Src/main.o
 .text.MX_GPIO_Init
                0x000000000800121c       0xdc ./Core/Src/main.o
 .text.HAL_TIM_PeriodElapsedCallback
                0x00000000080012f8       0x18 ./Core/Src/main.o
                0x00000000080012f8                HAL_TIM_PeriodElapsedCallback
 .text.Error_Handler
                0x0000000008001310        0xa ./Core/Src/main.o
                0x0000000008001310                Error_Handler
 *fill*         0x000000000800131a        0x2 
 .text.HAL_MspInit
                0x000000000800131c       0x64 ./Core/Src/stm32f1xx_hal_msp.o
                0x000000000800131c                HAL_MspInit
 .text.HAL_TIM_Base_MspInit
                0x0000000008001380       0x70 ./Core/Src/stm32f1xx_hal_msp.o
                0x0000000008001380                HAL_TIM_Base_MspInit
 .text.HAL_TIM_MspPostInit
                0x00000000080013f0       0x64 ./Core/Src/stm32f1xx_hal_msp.o
                0x00000000080013f0                HAL_TIM_MspPostInit
 .text.HAL_UART_MspInit
                0x0000000008001454       0x94 ./Core/Src/stm32f1xx_hal_msp.o
                0x0000000008001454                HAL_UART_MspInit
 .text.NMI_Handler
                0x00000000080014e8        0x6 ./Core/Src/stm32f1xx_it.o
                0x00000000080014e8                NMI_Handler
 .text.HardFault_Handler
                0x00000000080014ee        0x6 ./Core/Src/stm32f1xx_it.o
                0x00000000080014ee                HardFault_Handler
 .text.MemManage_Handler
                0x00000000080014f4        0x6 ./Core/Src/stm32f1xx_it.o
                0x00000000080014f4                MemManage_Handler
 .text.BusFault_Handler
                0x00000000080014fa        0x6 ./Core/Src/stm32f1xx_it.o
                0x00000000080014fa                BusFault_Handler
 .text.UsageFault_Handler
                0x0000000008001500        0x6 ./Core/Src/stm32f1xx_it.o
                0x0000000008001500                UsageFault_Handler
 .text.SVC_Handler
                0x0000000008001506        0xc ./Core/Src/stm32f1xx_it.o
                0x0000000008001506                SVC_Handler
 .text.DebugMon_Handler
                0x0000000008001512        0xc ./Core/Src/stm32f1xx_it.o
                0x0000000008001512                DebugMon_Handler
 .text.PendSV_Handler
                0x000000000800151e        0xc ./Core/Src/stm32f1xx_it.o
                0x000000000800151e                PendSV_Handler
 .text.SysTick_Handler
                0x000000000800152a        0xc ./Core/Src/stm32f1xx_it.o
                0x000000000800152a                SysTick_Handler
 *fill*         0x0000000008001536        0x2 
 .text.TIM2_IRQHandler
                0x0000000008001538       0x14 ./Core/Src/stm32f1xx_it.o
                0x0000000008001538                TIM2_IRQHandler
 .text.SystemInit
                0x000000000800154c        0xc ./Core/Src/system_stm32f1xx.o
                0x000000000800154c                SystemInit
 .text.setTimer1
                0x0000000008001558       0x28 ./Core/Src/timer.o
                0x0000000008001558                setTimer1
 .text.setTimer2
                0x0000000008001580       0x28 ./Core/Src/timer.o
                0x0000000008001580                setTimer2
 .text.setTimer3
                0x00000000080015a8       0x28 ./Core/Src/timer.o
                0x00000000080015a8                setTimer3
 .text.clearTimer1
                0x00000000080015d0       0x20 ./Core/Src/timer.o
                0x00000000080015d0                clearTimer1
 .text.clearTimer2
                0x00000000080015f0       0x20 ./Core/Src/timer.o
                0x00000000080015f0                clearTimer2
 .text.clearTimer3
                0x0000000008001610       0x20 ./Core/Src/timer.o
                0x0000000008001610                clearTimer3
 .text.timerRun
                0x0000000008001630      0x124 ./Core/Src/timer.o
                0x0000000008001630                timerRun
 .text.isTimer1Expired
                0x0000000008001754       0x24 ./Core/Src/timer.o
                0x0000000008001754                isTimer1Expired
 .text.isTimer2Expired
                0x0000000008001778       0x24 ./Core/Src/timer.o
                0x0000000008001778                isTimer2Expired
 .text.isTimer3Expired
                0x000000000800179c       0x24 ./Core/Src/timer.o
                0x000000000800179c                isTimer3Expired
 .text.Reset_Handler
                0x00000000080017c0       0x48 ./Core/Startup/startup_stm32f103rbtx.o
                0x00000000080017c0                Reset_Handler
 .text.Default_Handler
                0x0000000008001808        0x2 ./Core/Startup/startup_stm32f103rbtx.o
                0x0000000008001808                RTC_Alarm_IRQHandler
                0x0000000008001808                EXTI2_IRQHandler
                0x0000000008001808                TIM1_CC_IRQHandler
                0x0000000008001808                PVD_IRQHandler
                0x0000000008001808                EXTI3_IRQHandler
                0x0000000008001808                EXTI0_IRQHandler
                0x0000000008001808                I2C2_EV_IRQHandler
                0x0000000008001808                ADC1_2_IRQHandler
                0x0000000008001808                SPI1_IRQHandler
                0x0000000008001808                TAMPER_IRQHandler
                0x0000000008001808                DMA1_Channel4_IRQHandler
                0x0000000008001808                USART3_IRQHandler
                0x0000000008001808                RTC_IRQHandler
                0x0000000008001808                DMA1_Channel7_IRQHandler
                0x0000000008001808                CAN1_RX1_IRQHandler
                0x0000000008001808                TIM4_IRQHandler
                0x0000000008001808                I2C1_EV_IRQHandler
                0x0000000008001808                DMA1_Channel6_IRQHandler
                0x0000000008001808                TIM3_IRQHandler
                0x0000000008001808                RCC_IRQHandler
                0x0000000008001808                TIM1_TRG_COM_IRQHandler
                0x0000000008001808                DMA1_Channel1_IRQHandler
                0x0000000008001808                Default_Handler
                0x0000000008001808                EXTI15_10_IRQHandler
                0x0000000008001808                EXTI9_5_IRQHandler
                0x0000000008001808                SPI2_IRQHandler
                0x0000000008001808                DMA1_Channel5_IRQHandler
                0x0000000008001808                EXTI4_IRQHandler
                0x0000000008001808                USB_LP_CAN1_RX0_IRQHandler
                0x0000000008001808                USB_HP_CAN1_TX_IRQHandler
                0x0000000008001808                DMA1_Channel3_IRQHandler
                0x0000000008001808                TIM1_UP_IRQHandler
                0x0000000008001808                WWDG_IRQHandler
                0x0000000008001808                TIM1_BRK_IRQHandler
                0x0000000008001808                EXTI1_IRQHandler
                0x0000000008001808                USART2_IRQHandler
                0x0000000008001808                I2C2_ER_IRQHandler
                0x0000000008001808                DMA1_Channel2_IRQHandler
                0x0000000008001808                CAN1_SCE_IRQHandler
                0x0000000008001808                FLASH_IRQHandler
                0x0000000008001808                USART1_IRQHandler
                0x0000000008001808                I2C1_ER_IRQHandler
                0x0000000008001808                USBWakeUp_IRQHandler
 *fill*         0x000000000800180a        0x2 
 .text.HAL_Init
                0x000000000800180c       0x2c ./Drivers/STM32F1xx_HAL_Driver/Src/stm32f1xx_hal.o
                0x000000000800180c                HAL_Init
 .text.HAL_InitTick
                0x0000000008001838       0x60 ./Drivers/STM32F1xx_HAL_Driver/Src/stm32f1xx_hal.o
                0x0000000008001838                HAL_InitTick
 .text.HAL_IncTick
                0x0000000008001898       0x24 ./Drivers/STM32F1xx_HAL_Driver/Src/stm32f1xx_hal.o
                0x0000000008001898                HAL_IncTick
 .text.HAL_GetTick
                0x00000000080018bc       0x14 ./Drivers/STM32F1xx_HAL_Driver/Src/stm32f1xx_hal.o
                0x00000000080018bc                HAL_GetTick
 .text.__NVIC_SetPriorityGrouping
                0x00000000080018d0       0x48 ./Drivers/STM32F1xx_HAL_Driver/Src/stm32f1xx_hal_cortex.o
 .text.__NVIC_GetPriorityGrouping
                0x0000000008001918       0x1c ./Drivers/STM32F1xx_HAL_Driver/Src/stm32f1xx_hal_cortex.o
 .text.__NVIC_EnableIRQ
                0x0000000008001934       0x38 ./Drivers/STM32F1xx_HAL_Driver/Src/stm32f1xx_hal_cortex.o
 .text.__NVIC_SetPriority
                0x000000000800196c       0x54 ./Drivers/STM32F1xx_HAL_Driver/Src/stm32f1xx_hal_cortex.o
 .text.NVIC_EncodePriority
                0x00000000080019c0       0x64 ./Drivers/STM32F1xx_HAL_Driver/Src/stm32f1xx_hal_cortex.o
 .text.SysTick_Config
                0x0000000008001a24       0x44 ./Drivers/STM32F1xx_HAL_Driver/Src/stm32f1xx_hal_cortex.o
 .text.HAL_NVIC_SetPriorityGrouping
                0x0000000008001a68       0x16 ./Drivers/STM32F1xx_HAL_Driver/Src/stm32f1xx_hal_cortex.o
                0x0000000008001a68                HAL_NVIC_SetPriorityGrouping
 .text.HAL_NVIC_SetPriority
                0x0000000008001a7e       0x38 ./Drivers/STM32F1xx_HAL_Driver/Src/stm32f1xx_hal_cortex.o
                0x0000000008001a7e                HAL_NVIC_SetPriority
 .text.HAL_NVIC_EnableIRQ
                0x0000000008001ab6       0x1c ./Drivers/STM32F1xx_HAL_Driver/Src/stm32f1xx_hal_cortex.o
                0x0000000008001ab6                HAL_NVIC_EnableIRQ
 .text.HAL_SYSTICK_Config
                0x0000000008001ad2       0x18 ./Drivers/STM32F1xx_HAL_Driver/Src/stm32f1xx_hal_cortex.o
                0x0000000008001ad2                HAL_SYSTICK_Config
 *fill*         0x0000000008001aea        0x2 
 .text.HAL_GPIO_Init
                0x0000000008001aec      0x308 ./Drivers/STM32F1xx_HAL_Driver/Src/stm32f1xx_hal_gpio.o
                0x0000000008001aec                HAL_GPIO_Init
 .text.HAL_GPIO_ReadPin
                0x0000000008001df4       0x2e ./Drivers/STM32F1xx_HAL_Driver/Src/stm32f1xx_hal_gpio.o
                0x0000000008001df4                HAL_GPIO_ReadPin
 .text.HAL_GPIO_WritePin
                0x0000000008001e22       0x30 ./Drivers/STM32F1xx_HAL_Driver/Src/stm32f1xx_hal_gpio.o
                0x0000000008001e22                HAL_GPIO_WritePin
 *fill*         0x0000000008001e52        0x2 
 .text.HAL_RCC_OscConfig
                0x0000000008001e54      0x504 ./Drivers/STM32F1xx_HAL_Driver/Src/stm32f1xx_hal_rcc.o
                0x0000000008001e54                HAL_RCC_OscConfig
 .text.HAL_RCC_ClockConfig
                0x0000000008002358      0x1d4 ./Drivers/STM32F1xx_HAL_Driver/Src/stm32f1xx_hal_rcc.o
                0x0000000008002358                HAL_RCC_ClockConfig
 .text.HAL_RCC_GetSysClockFreq
                0x000000000800252c       0xbc ./Drivers/STM32F1xx_HAL_Driver/Src/stm32f1xx_hal_rcc.o
                0x000000000800252c                HAL_RCC_GetSysClockFreq
 .text.HAL_RCC_GetHCLKFreq
                0x00000000080025e8       0x14 ./Drivers/STM32F1xx_HAL_Driver/Src/stm32f1xx_hal_rcc.o
                0x00000000080025e8                HAL_RCC_GetHCLKFreq
 .text.HAL_RCC_GetPCLK1Freq
                0x00000000080025fc       0x28 ./Drivers/STM32F1xx_HAL_Driver/Src/stm32f1xx_hal_rcc.o
                0x00000000080025fc                HAL_RCC_GetPCLK1Freq
 .text.HAL_RCC_GetPCLK2Freq
                0x0000000008002624       0x28 ./Drivers/STM32F1xx_HAL_Driver/Src/stm32f1xx_hal_rcc.o
                0x0000000008002624                HAL_RCC_GetPCLK2Freq
 .text.RCC_Delay
                0x000000000800264c       0x3c ./Drivers/STM32F1xx_HAL_Driver/Src/stm32f1xx_hal_rcc.o
 .text.HAL_TIM_Base_Init
                0x0000000008002688       0x9e ./Drivers/STM32F1xx_HAL_Driver/Src/stm32f1xx_hal_tim.o
                0x0000000008002688                HAL_TIM_Base_Init
 *fill*         0x0000000008002726        0x2 
 .text.HAL_TIM_Base_Start_IT
                0x0000000008002728       0xa4 ./Drivers/STM32F1xx_HAL_Driver/Src/stm32f1xx_hal_tim.o
                0x0000000008002728                HAL_TIM_Base_Start_IT
 .text.HAL_TIM_PWM_Init
                0x00000000080027cc       0x9e ./Drivers/STM32F1xx_HAL_Driver/Src/stm32f1xx_hal_tim.o
                0x00000000080027cc                HAL_TIM_PWM_Init
 .text.HAL_TIM_PWM_MspInit
                0x000000000800286a       0x12 ./Drivers/STM32F1xx_HAL_Driver/Src/stm32f1xx_hal_tim.o
                0x000000000800286a                HAL_TIM_PWM_MspInit
 .text.HAL_TIM_PWM_Start
                0x000000000800287c      0x144 ./Drivers/STM32F1xx_HAL_Driver/Src/stm32f1xx_hal_tim.o
                0x000000000800287c                HAL_TIM_PWM_Start
 .text.HAL_TIM_IRQHandler
                0x00000000080029c0      0x210 ./Drivers/STM32F1xx_HAL_Driver/Src/stm32f1xx_hal_tim.o
                0x00000000080029c0                HAL_TIM_IRQHandler
 .text.HAL_TIM_PWM_ConfigChannel
                0x0000000008002bd0      0x17c ./Drivers/STM32F1xx_HAL_Driver/Src/stm32f1xx_hal_tim.o
                0x0000000008002bd0                HAL_TIM_PWM_ConfigChannel
 .text.HAL_TIM_ConfigClockSource
                0x0000000008002d4c      0x188 ./Drivers/STM32F1xx_HAL_Driver/Src/stm32f1xx_hal_tim.o
                0x0000000008002d4c                HAL_TIM_ConfigClockSource
 .text.HAL_TIM_OC_DelayElapsedCallback
                0x0000000008002ed4       0x12 ./Drivers/STM32F1xx_HAL_Driver/Src/stm32f1xx_hal_tim.o
                0x0000000008002ed4                HAL_TIM_OC_DelayElapsedCallback
 .text.HAL_TIM_IC_CaptureCallback
                0x0000000008002ee6       0x12 ./Drivers/STM32F1xx_HAL_Driver/Src/stm32f1xx_hal_tim.o
                0x0000000008002ee6                HAL_TIM_IC_CaptureCallback
 .text.HAL_TIM_PWM_PulseFinishedCallback
                0x0000000008002ef8       0x12 ./Drivers/STM32F1xx_HAL_Driver/Src/stm32f1xx_hal_tim.o
                0x0000000008002ef8                HAL_TIM_PWM_PulseFinishedCallback
 .text.HAL_TIM_TriggerCallback
                0x0000000008002f0a       0x12 ./Drivers/STM32F1xx_HAL_Driver/Src/stm32f1xx_hal_tim.o
                0x0000000008002f0a                HAL_TIM_TriggerCallback
 .text.TIM_Base_SetConfig
                0x0000000008002f1c       0xc4 ./Drivers/STM32F1xx_HAL_Driver/Src/stm32f1xx_hal_tim.o
                0x0000000008002f1c                TIM_Base_SetConfig
 .text.TIM_OC1_SetConfig
                0x0000000008002fe0       0xcc ./Drivers/STM32F1xx_HAL_Driver/Src/stm32f1xx_hal_tim.o
 .text.TIM_OC2_SetConfig
                0x00000000080030ac       0xd4 ./Drivers/STM32F1xx_HAL_Driver/Src/stm32f1xx_hal_tim.o
                0x00000000080030ac                TIM_OC2_SetConfig
 .text.TIM_OC3_SetConfig
                0x0000000008003180       0xd4 ./Drivers/STM32F1xx_HAL_Driver/Src/stm32f1xx_hal_tim.o
 .text.TIM_OC4_SetConfig
                0x0000000008003254       0x9c ./Drivers/STM32F1xx_HAL_Driver/Src/stm32f1xx_hal_tim.o
 .text.TIM_TI1_ConfigInputStage
                0x00000000080032f0       0x5c ./Drivers/STM32F1xx_HAL_Driver/Src/stm32f1xx_hal_tim.o
 .text.TIM_TI2_ConfigInputStage
                0x000000000800334c       0x5e ./Drivers/STM32F1xx_HAL_Driver/Src/stm32f1xx_hal_tim.o
 .text.TIM_ITRx_SetConfig
                0x00000000080033aa       0x34 ./Drivers/STM32F1xx_HAL_Driver/Src/stm32f1xx_hal_tim.o
 .text.TIM_ETR_SetConfig
                0x00000000080033de       0x3e ./Drivers/STM32F1xx_HAL_Driver/Src/stm32f1xx_hal_tim.o
                0x00000000080033de                TIM_ETR_SetConfig
 .text.TIM_CCxChannelCmd
                0x000000000800341c       0x48 ./Drivers/STM32F1xx_HAL_Driver/Src/stm32f1xx_hal_tim.o
                0x000000000800341c                TIM_CCxChannelCmd
 .text.HAL_TIMEx_MasterConfigSynchronization
                0x0000000008003464       0xbc ./Drivers/STM32F1xx_HAL_Driver/Src/stm32f1xx_hal_tim_ex.o
                0x0000000008003464                HAL_TIMEx_MasterConfigSynchronization
 .text.HAL_TIMEx_CommutCallback
                0x0000000008003520       0x12 ./Drivers/STM32F1xx_HAL_Driver/Src/stm32f1xx_hal_tim_ex.o
                0x0000000008003520                HAL_TIMEx_CommutCallback
 .text.HAL_TIMEx_BreakCallback
                0x0000000008003532       0x12 ./Drivers/STM32F1xx_HAL_Driver/Src/stm32f1xx_hal_tim_ex.o
                0x0000000008003532                HAL_TIMEx_BreakCallback
 .text.HAL_UART_Init
                0x0000000008003544       0x9a ./Drivers/STM32F1xx_HAL_Driver/Src/stm32f1xx_hal_uart.o
                0x0000000008003544                HAL_UART_Init
 *fill*         0x00000000080035de        0x2 
 .text.UART_SetConfig
                0x00000000080035e0      0x11c ./Drivers/STM32F1xx_HAL_Driver/Src/stm32f1xx_hal_uart.o
 .text.__libc_init_array
                0x00000000080036fc       0x48 c:/st/stm32cubeide_1.7.0/stm32cubeide/plugins/com.st.stm32cube.ide.mcu.externaltools.gnu-tools-for-stm32.10.3-2021.10.win32_1.0.0.202111181127/tools/bin/../lib/gcc/arm-none-eabi/10.3.1/../../../../arm-none-eabi/lib/thumb/v7-m/nofp\libc_nano.a(lib_a-init.o)
                0x00000000080036fc                __libc_init_array
 .text.memset   0x0000000008003744       0x10 c:/st/stm32cubeide_1.7.0/stm32cubeide/plugins/com.st.stm32cube.ide.mcu.externaltools.gnu-tools-for-stm32.10.3-2021.10.win32_1.0.0.202111181127/tools/bin/../lib/gcc/arm-none-eabi/10.3.1/../../../../arm-none-eabi/lib/thumb/v7-m/nofp\libc_nano.a(lib_a-memset.o)
                0x0000000008003744                memset
 *(.glue_7)
 .glue_7        0x0000000008003754        0x0 linker stubs
 *(.glue_7t)
 .glue_7t       0x0000000008003754        0x0 linker stubs
 *(.eh_frame)
 .eh_frame      0x0000000008003754        0x0 c:/st/stm32cubeide_1.7.0/stm32cubeide/plugins/com.st.stm32cube.ide.mcu.externaltools.gnu-tools-for-stm32.10.3-2021.10.win32_1.0.0.202111181127/tools/bin/../lib/gcc/arm-none-eabi/10.3.1/thumb/v7-m/nofp/crtbegin.o
 *(.init)
 .init          0x0000000008003754        0x4 c:/st/stm32cubeide_1.7.0/stm32cubeide/plugins/com.st.stm32cube.ide.mcu.externaltools.gnu-tools-for-stm32.10.3-2021.10.win32_1.0.0.202111181127/tools/bin/../lib/gcc/arm-none-eabi/10.3.1/thumb/v7-m/nofp/crti.o
                0x0000000008003754                _init
 .init          0x0000000008003758        0x8 c:/st/stm32cubeide_1.7.0/stm32cubeide/plugins/com.st.stm32cube.ide.mcu.externaltools.gnu-tools-for-stm32.10.3-2021.10.win32_1.0.0.202111181127/tools/bin/../lib/gcc/arm-none-eabi/10.3.1/thumb/v7-m/nofp/crtn.o
 *(.fini)
 .fini          0x0000000008003760        0x4 c:/st/stm32cubeide_1.7.0/stm32cubeide/plugins/com.st.stm32cube.ide.mcu.externaltools.gnu-tools-for-stm32.10.3-2021.10.win32_1.0.0.202111181127/tools/bin/../lib/gcc/arm-none-eabi/10.3.1/thumb/v7-m/nofp/crti.o
                0x0000000008003760                _fini
 .fini          0x0000000008003764        0x8 c:/st/stm32cubeide_1.7.0/stm32cubeide/plugins/com.st.stm32cube.ide.mcu.externaltools.gnu-tools-for-stm32.10.3-2021.10.win32_1.0.0.202111181127/tools/bin/../lib/gcc/arm-none-eabi/10.3.1/thumb/v7-m/nofp/crtn.o
                0x000000000800376c                . = ALIGN (0x4)
                0x000000000800376c                _etext = .

.vfp11_veneer   0x000000000800376c        0x0
 .vfp11_veneer  0x000000000800376c        0x0 linker stubs

.v4_bx          0x000000000800376c        0x0
 .v4_bx         0x000000000800376c        0x0 linker stubs

.iplt           0x000000000800376c        0x0
 .iplt          0x000000000800376c        0x0 c:/st/stm32cubeide_1.7.0/stm32cubeide/plugins/com.st.stm32cube.ide.mcu.externaltools.gnu-tools-for-stm32.10.3-2021.10.win32_1.0.0.202111181127/tools/bin/../lib/gcc/arm-none-eabi/10.3.1/thumb/v7-m/nofp/crtbegin.o

.rodata         0x000000000800376c       0x28
                0x000000000800376c                . = ALIGN (0x4)
 *(.rodata)
 .rodata        0x000000000800376c       0x10 ./Drivers/STM32F1xx_HAL_Driver/Src/stm32f1xx_hal_rcc.o
 *(.rodata*)
 .rodata.AHBPrescTable
                0x000000000800377c       0x10 ./Core/Src/system_stm32f1xx.o
                0x000000000800377c                AHBPrescTable
 .rodata.APBPrescTable
                0x000000000800378c        0x8 ./Core/Src/system_stm32f1xx.o
                0x000000000800378c                APBPrescTable
                0x0000000008003794                . = ALIGN (0x4)

.rel.dyn        0x0000000008003794        0x0
 .rel.iplt      0x0000000008003794        0x0 c:/st/stm32cubeide_1.7.0/stm32cubeide/plugins/com.st.stm32cube.ide.mcu.externaltools.gnu-tools-for-stm32.10.3-2021.10.win32_1.0.0.202111181127/tools/bin/../lib/gcc/arm-none-eabi/10.3.1/thumb/v7-m/nofp/crtbegin.o

.ARM.extab      0x0000000008003794        0x0
                0x0000000008003794                . = ALIGN (0x4)
 *(.ARM.extab* .gnu.linkonce.armextab.*)
                0x0000000008003794                . = ALIGN (0x4)

.ARM            0x0000000008003794        0x0
                0x0000000008003794                . = ALIGN (0x4)
                0x0000000008003794                __exidx_start = .
 *(.ARM.exidx*)
                0x0000000008003794                __exidx_end = .
                0x0000000008003794                . = ALIGN (0x4)

.preinit_array  0x0000000008003794        0x0
                0x0000000008003794                . = ALIGN (0x4)
                0x0000000008003794                PROVIDE (__preinit_array_start = .)
 *(.preinit_array*)
                0x0000000008003794                PROVIDE (__preinit_array_end = .)
                0x0000000008003794                . = ALIGN (0x4)

.init_array     0x0000000008003794        0x4
                0x0000000008003794                . = ALIGN (0x4)
                0x0000000008003794                PROVIDE (__init_array_start = .)
 *(SORT_BY_NAME(.init_array.*))
 *(.init_array*)
 .init_array    0x0000000008003794        0x4 c:/st/stm32cubeide_1.7.0/stm32cubeide/plugins/com.st.stm32cube.ide.mcu.externaltools.gnu-tools-for-stm32.10.3-2021.10.win32_1.0.0.202111181127/tools/bin/../lib/gcc/arm-none-eabi/10.3.1/thumb/v7-m/nofp/crtbegin.o
                0x0000000008003798                PROVIDE (__init_array_end = .)
                0x0000000008003798                . = ALIGN (0x4)

.fini_array     0x0000000008003798        0x4
                0x0000000008003798                . = ALIGN (0x4)
                [!provide]                        PROVIDE (__fini_array_start = .)
 *(SORT_BY_NAME(.fini_array.*))
 *(.fini_array*)
 .fini_array    0x0000000008003798        0x4 c:/st/stm32cubeide_1.7.0/stm32cubeide/plugins/com.st.stm32cube.ide.mcu.externaltools.gnu-tools-for-stm32.10.3-2021.10.win32_1.0.0.202111181127/tools/bin/../lib/gcc/arm-none-eabi/10.3.1/thumb/v7-m/nofp/crtbegin.o
                [!provide]                        PROVIDE (__fini_array_end = .)
                0x000000000800379c                . = ALIGN (0x4)
                0x000000000800379c                _sidata = LOADADDR (.data)

.data           0x0000000020000000       0x38 load address 0x000000000800379c
                0x0000000020000000                . = ALIGN (0x4)
                0x0000000020000000                _sdata = .
 *(.data)
 *(.data*)
 .data.status1  0x0000000020000000        0x4 ./Core/Src/global.o
                0x0000000020000000                status1
 .data.status2  0x0000000020000004        0x4 ./Core/Src/global.o
                0x0000000020000004                status2
 .data.status3  0x0000000020000008        0x4 ./Core/Src/global.o
                0x0000000020000008                status3
 .data.red_duration1
                0x000000002000000c        0x4 ./Core/Src/global.o
                0x000000002000000c                red_duration1
 .data.yellow_duration1
                0x0000000020000010        0x4 ./Core/Src/global.o
                0x0000000020000010                yellow_duration1
 .data.green_duration1
                0x0000000020000014        0x4 ./Core/Src/global.o
                0x0000000020000014                green_duration1
 .data.red_duration2
                0x0000000020000018        0x4 ./Core/Src/global.o
                0x0000000020000018                red_duration2
 .data.yellow_duration2
                0x000000002000001c        0x4 ./Core/Src/global.o
                0x000000002000001c                yellow_duration2
 .data.green_duration2
                0x0000000020000020        0x4 ./Core/Src/global.o
                0x0000000020000020                green_duration2
 .data.time_input
                0x0000000020000024        0x4 ./Core/Src/global.o
                0x0000000020000024                time_input
 .data.status4  0x0000000020000028        0x4 ./Core/Src/global.o
                0x0000000020000028                status4
 .data.SystemCoreClock
                0x000000002000002c        0x4 ./Core/Src/system_stm32f1xx.o
                0x000000002000002c                SystemCoreClock
 .data.uwTickPrio
                0x0000000020000030        0x4 ./Drivers/STM32F1xx_HAL_Driver/Src/stm32f1xx_hal.o
                0x0000000020000030                uwTickPrio
 .data.uwTickFreq
                0x0000000020000034        0x1 ./Drivers/STM32F1xx_HAL_Driver/Src/stm32f1xx_hal.o
                0x0000000020000034                uwTickFreq
 *(.RamFunc)
 *(.RamFunc*)
                0x0000000020000038                . = ALIGN (0x4)
 *fill*         0x0000000020000035        0x3 
                0x0000000020000038                _edata = .

.igot.plt       0x0000000020000038        0x0 load address 0x00000000080037d4
 .igot.plt      0x0000000020000038        0x0 c:/st/stm32cubeide_1.7.0/stm32cubeide/plugins/com.st.stm32cube.ide.mcu.externaltools.gnu-tools-for-stm32.10.3-2021.10.win32_1.0.0.202111181127/tools/bin/../lib/gcc/arm-none-eabi/10.3.1/thumb/v7-m/nofp/crtbegin.o
                0x0000000020000038                . = ALIGN (0x4)

.bss            0x0000000020000038      0x174 load address 0x00000000080037d4
                0x0000000020000038                _sbss = .
                0x0000000020000038                __bss_start__ = _sbss
 *(.bss)
 .bss           0x0000000020000038       0x1c c:/st/stm32cubeide_1.7.0/stm32cubeide/plugins/com.st.stm32cube.ide.mcu.externaltools.gnu-tools-for-stm32.10.3-2021.10.win32_1.0.0.202111181127/tools/bin/../lib/gcc/arm-none-eabi/10.3.1/thumb/v7-m/nofp/crtbegin.o
 *(.bss*)
 .bss.timeCountdown1
                0x0000000020000054        0x4 ./Core/Src/global.o
                0x0000000020000054                timeCountdown1
 .bss.timeCountdown2
                0x0000000020000058        0x4 ./Core/Src/global.o
                0x0000000020000058                timeCountdown2
 .bss.returnFlag1
                0x000000002000005c        0x4 ./Core/Src/global.o
                0x000000002000005c                returnFlag1
 .bss.returnFlag2
                0x0000000020000060        0x4 ./Core/Src/global.o
                0x0000000020000060                returnFlag2
 .bss.state     0x0000000020000064        0x4 ./Core/Src/global.o
                0x0000000020000064                state
 .bss.state2    0x0000000020000068        0x4 ./Core/Src/global.o
                0x0000000020000068                state2
 .bss.counter_toggle
                0x000000002000006c        0x4 ./Core/Src/global.o
                0x000000002000006c                counter_toggle
 .bss.buttonFlags
                0x0000000020000070       0x10 ./Core/Src/input_reading.o
                0x0000000020000070                buttonFlags
 .bss.debounceButtonBuffer1
                0x0000000020000080        0x4 ./Core/Src/input_reading.o
 .bss.debounceButtonBuffer2
                0x0000000020000084        0x4 ./Core/Src/input_reading.o
 .bss.debounceButtonBuffer3
                0x0000000020000088        0x4 ./Core/Src/input_reading.o
 .bss.debounceButtonBuffer4
                0x000000002000008c        0x4 ./Core/Src/input_reading.o
 .bss.flagForButtonPress1s
                0x0000000020000090        0x4 ./Core/Src/input_reading.o
 .bss.counterForButtonPress1s
                0x0000000020000094        0x8 ./Core/Src/input_reading.o
 .bss.htim2     0x000000002000009c       0x48 ./Core/Src/main.o
                0x000000002000009c                htim2
 .bss.htim3     0x00000000200000e4       0x48 ./Core/Src/main.o
                0x00000000200000e4                htim3
 .bss.huart2    0x000000002000012c       0x44 ./Core/Src/main.o
                0x000000002000012c                huart2
 .bss.timer0_cnt
                0x0000000020000170        0x4 ./Core/Src/timer.o
                0x0000000020000170                timer0_cnt
 .bss.timer1_cnt
                0x0000000020000174        0x4 ./Core/Src/timer.o
                0x0000000020000174                timer1_cnt
 .bss.timer2_cnt
                0x0000000020000178        0x4 ./Core/Src/timer.o
                0x0000000020000178                timer2_cnt
 .bss.timer3_cnt
                0x000000002000017c        0x4 ./Core/Src/timer.o
                0x000000002000017c                timer3_cnt
 .bss.timer4_cnt
                0x0000000020000180        0x4 ./Core/Src/timer.o
                0x0000000020000180                timer4_cnt
 .bss.timer5_cnt
                0x0000000020000184        0x4 ./Core/Src/timer.o
                0x0000000020000184                timer5_cnt
 .bss.timer6_cnt
                0x0000000020000188        0x4 ./Core/Src/timer.o
                0x0000000020000188                timer6_cnt
 .bss.timer0_flag
                0x000000002000018c        0x4 ./Core/Src/timer.o
                0x000000002000018c                timer0_flag
 .bss.timer1_flag
                0x0000000020000190        0x4 ./Core/Src/timer.o
                0x0000000020000190                timer1_flag
 .bss.timer2_flag
                0x0000000020000194        0x4 ./Core/Src/timer.o
                0x0000000020000194                timer2_flag
 .bss.timer3_flag
                0x0000000020000198        0x4 ./Core/Src/timer.o
                0x0000000020000198                timer3_flag
 .bss.timer4_flag
                0x000000002000019c        0x4 ./Core/Src/timer.o
                0x000000002000019c                timer4_flag
 .bss.timer5_flag
                0x00000000200001a0        0x4 ./Core/Src/timer.o
                0x00000000200001a0                timer5_flag
 .bss.timer6_flag
                0x00000000200001a4        0x4 ./Core/Src/timer.o
                0x00000000200001a4                timer6_flag
 .bss.uwTick    0x00000000200001a8        0x4 ./Drivers/STM32F1xx_HAL_Driver/Src/stm32f1xx_hal.o
                0x00000000200001a8                uwTick
 *(COMMON)
                0x00000000200001ac                . = ALIGN (0x4)
                0x00000000200001ac                _ebss = .
                0x00000000200001ac                __bss_end__ = _ebss

._user_heap_stack
                0x00000000200001ac      0x604 load address 0x00000000080037d4
                0x00000000200001b0                . = ALIGN (0x8)
 *fill*         0x00000000200001ac        0x4 
                [!provide]                        PROVIDE (end = .)
                0x00000000200001b0                PROVIDE (_end = .)
                0x00000000200003b0                . = (. + _Min_Heap_Size)
 *fill*         0x00000000200001b0      0x200 
                0x00000000200007b0                . = (. + _Min_Stack_Size)
 *fill*         0x00000000200003b0      0x400 
                0x00000000200007b0                . = ALIGN (0x8)

/DISCARD/
 libc.a(*)
 libm.a(*)
 libgcc.a(*)

.ARM.attributes
                0x0000000000000000       0x29
 *(.ARM.attributes)
 .ARM.attributes
                0x0000000000000000       0x1d c:/st/stm32cubeide_1.7.0/stm32cubeide/plugins/com.st.stm32cube.ide.mcu.externaltools.gnu-tools-for-stm32.10.3-2021.10.win32_1.0.0.202111181127/tools/bin/../lib/gcc/arm-none-eabi/10.3.1/thumb/v7-m/nofp/crti.o
 .ARM.attributes
                0x000000000000001d       0x2d c:/st/stm32cubeide_1.7.0/stm32cubeide/plugins/com.st.stm32cube.ide.mcu.externaltools.gnu-tools-for-stm32.10.3-2021.10.win32_1.0.0.202111181127/tools/bin/../lib/gcc/arm-none-eabi/10.3.1/thumb/v7-m/nofp/crtbegin.o
 .ARM.attributes
                0x000000000000004a       0x2d ./Core/Src/TrafficLight.o
 .ARM.attributes
                0x0000000000000077       0x2d ./Core/Src/fsm_automatic.o
 .ARM.attributes
                0x00000000000000a4       0x2d ./Core/Src/fsm_manual.o
 .ARM.attributes
                0x00000000000000d1       0x2d ./Core/Src/global.o
 .ARM.attributes
                0x00000000000000fe       0x2d ./Core/Src/input_reading.o
 .ARM.attributes
                0x000000000000012b       0x2d ./Core/Src/main.o
 .ARM.attributes
                0x0000000000000158       0x2d ./Core/Src/stm32f1xx_hal_msp.o
 .ARM.attributes
                0x0000000000000185       0x2d ./Core/Src/stm32f1xx_it.o
 .ARM.attributes
                0x00000000000001b2       0x2d ./Core/Src/system_stm32f1xx.o
 .ARM.attributes
                0x00000000000001df       0x2d ./Core/Src/timer.o
 .ARM.attributes
                0x000000000000020c       0x21 ./Core/Startup/startup_stm32f103rbtx.o
 .ARM.attributes
                0x000000000000022d       0x2d ./Drivers/STM32F1xx_HAL_Driver/Src/stm32f1xx_hal.o
 .ARM.attributes
                0x000000000000025a       0x2d ./Drivers/STM32F1xx_HAL_Driver/Src/stm32f1xx_hal_cortex.o
 .ARM.attributes
                0x0000000000000287       0x2d ./Drivers/STM32F1xx_HAL_Driver/Src/stm32f1xx_hal_gpio.o
 .ARM.attributes
                0x00000000000002b4       0x2d ./Drivers/STM32F1xx_HAL_Driver/Src/stm32f1xx_hal_rcc.o
 .ARM.attributes
                0x00000000000002e1       0x2d ./Drivers/STM32F1xx_HAL_Driver/Src/stm32f1xx_hal_tim.o
 .ARM.attributes
                0x000000000000030e       0x2d ./Drivers/STM32F1xx_HAL_Driver/Src/stm32f1xx_hal_tim_ex.o
 .ARM.attributes
                0x000000000000033b       0x2d ./Drivers/STM32F1xx_HAL_Driver/Src/stm32f1xx_hal_uart.o
 .ARM.attributes
                0x0000000000000368       0x2d c:/st/stm32cubeide_1.7.0/stm32cubeide/plugins/com.st.stm32cube.ide.mcu.externaltools.gnu-tools-for-stm32.10.3-2021.10.win32_1.0.0.202111181127/tools/bin/../lib/gcc/arm-none-eabi/10.3.1/../../../../arm-none-eabi/lib/thumb/v7-m/nofp\libc_nano.a(lib_a-init.o)
 .ARM.attributes
                0x0000000000000395       0x2d c:/st/stm32cubeide_1.7.0/stm32cubeide/plugins/com.st.stm32cube.ide.mcu.externaltools.gnu-tools-for-stm32.10.3-2021.10.win32_1.0.0.202111181127/tools/bin/../lib/gcc/arm-none-eabi/10.3.1/../../../../arm-none-eabi/lib/thumb/v7-m/nofp\libc_nano.a(lib_a-memset.o)
 .ARM.attributes
                0x00000000000003c2       0x1d c:/st/stm32cubeide_1.7.0/stm32cubeide/plugins/com.st.stm32cube.ide.mcu.externaltools.gnu-tools-for-stm32.10.3-2021.10.win32_1.0.0.202111181127/tools/bin/../lib/gcc/arm-none-eabi/10.3.1/thumb/v7-m/nofp/crtn.o
OUTPUT(BTL.elf elf32-littlearm)
LOAD linker stubs
LOAD c:/st/stm32cubeide_1.7.0/stm32cubeide/plugins/com.st.stm32cube.ide.mcu.externaltools.gnu-tools-for-stm32.10.3-2021.10.win32_1.0.0.202111181127/tools/bin/../lib/gcc/arm-none-eabi/10.3.1/../../../../arm-none-eabi/lib/thumb/v7-m/nofp\libc.a
LOAD c:/st/stm32cubeide_1.7.0/stm32cubeide/plugins/com.st.stm32cube.ide.mcu.externaltools.gnu-tools-for-stm32.10.3-2021.10.win32_1.0.0.202111181127/tools/bin/../lib/gcc/arm-none-eabi/10.3.1/../../../../arm-none-eabi/lib/thumb/v7-m/nofp\libm.a
LOAD c:/st/stm32cubeide_1.7.0/stm32cubeide/plugins/com.st.stm32cube.ide.mcu.externaltools.gnu-tools-for-stm32.10.3-2021.10.win32_1.0.0.202111181127/tools/bin/../lib/gcc/arm-none-eabi/10.3.1/thumb/v7-m/nofp\libgcc.a

.debug_info     0x0000000000000000     0xaca2
 .debug_info    0x0000000000000000      0x293 ./Core/Src/TrafficLight.o
 .debug_info    0x0000000000000293      0x258 ./Core/Src/fsm_automatic.o
 .debug_info    0x00000000000004eb      0x1c6 ./Core/Src/fsm_manual.o
 .debug_info    0x00000000000006b1      0x298 ./Core/Src/global.o
 .debug_info    0x0000000000000949      0x302 ./Core/Src/input_reading.o
 .debug_info    0x0000000000000c4b      0xfec ./Core/Src/main.o
 .debug_info    0x0000000000001c37      0xded ./Core/Src/stm32f1xx_hal_msp.o
 .debug_info    0x0000000000002a24      0x6ea ./Core/Src/stm32f1xx_it.o
 .debug_info    0x000000000000310e      0x23d ./Core/Src/system_stm32f1xx.o
 .debug_info    0x000000000000334b      0x3a3 ./Core/Src/timer.o
 .debug_info    0x00000000000036ee       0x22 ./Core/Startup/startup_stm32f103rbtx.o
 .debug_info    0x0000000000003710      0x734 ./Drivers/STM32F1xx_HAL_Driver/Src/stm32f1xx_hal.o
 .debug_info    0x0000000000003e44      0xb20 ./Drivers/STM32F1xx_HAL_Driver/Src/stm32f1xx_hal_cortex.o
 .debug_info    0x0000000000004964      0x615 ./Drivers/STM32F1xx_HAL_Driver/Src/stm32f1xx_hal_gpio.o
 .debug_info    0x0000000000004f79      0x860 ./Drivers/STM32F1xx_HAL_Driver/Src/stm32f1xx_hal_rcc.o
 .debug_info    0x00000000000057d9     0x29de ./Drivers/STM32F1xx_HAL_Driver/Src/stm32f1xx_hal_tim.o
 .debug_info    0x00000000000081b7     0x1513 ./Drivers/STM32F1xx_HAL_Driver/Src/stm32f1xx_hal_tim_ex.o
 .debug_info    0x00000000000096ca     0x15d8 ./Drivers/STM32F1xx_HAL_Driver/Src/stm32f1xx_hal_uart.o

.debug_abbrev   0x0000000000000000     0x1d03
 .debug_abbrev  0x0000000000000000       0xf8 ./Core/Src/TrafficLight.o
 .debug_abbrev  0x00000000000000f8       0xb8 ./Core/Src/fsm_automatic.o
 .debug_abbrev  0x00000000000001b0       0xb8 ./Core/Src/fsm_manual.o
 .debug_abbrev  0x0000000000000268       0x4b ./Core/Src/global.o
 .debug_abbrev  0x00000000000002b3      0x179 ./Core/Src/input_reading.o
 .debug_abbrev  0x000000000000042c      0x303 ./Core/Src/main.o
 .debug_abbrev  0x000000000000072f      0x1c5 ./Core/Src/stm32f1xx_hal_msp.o
 .debug_abbrev  0x00000000000008f4      0x184 ./Core/Src/stm32f1xx_it.o
 .debug_abbrev  0x0000000000000a78      0x13b ./Core/Src/system_stm32f1xx.o
 .debug_abbrev  0x0000000000000bb3       0xb9 ./Core/Src/timer.o
 .debug_abbrev  0x0000000000000c6c       0x12 ./Core/Startup/startup_stm32f103rbtx.o
 .debug_abbrev  0x0000000000000c7e      0x1fb ./Drivers/STM32F1xx_HAL_Driver/Src/stm32f1xx_hal.o
 .debug_abbrev  0x0000000000000e79      0x2ed ./Drivers/STM32F1xx_HAL_Driver/Src/stm32f1xx_hal_cortex.o
 .debug_abbrev  0x0000000000001166      0x1bb ./Drivers/STM32F1xx_HAL_Driver/Src/stm32f1xx_hal_gpio.o
 .debug_abbrev  0x0000000000001321      0x2a8 ./Drivers/STM32F1xx_HAL_Driver/Src/stm32f1xx_hal_rcc.o
 .debug_abbrev  0x00000000000015c9      0x25d ./Drivers/STM32F1xx_HAL_Driver/Src/stm32f1xx_hal_tim.o
 .debug_abbrev  0x0000000000001826      0x265 ./Drivers/STM32F1xx_HAL_Driver/Src/stm32f1xx_hal_tim_ex.o
 .debug_abbrev  0x0000000000001a8b      0x278 ./Drivers/STM32F1xx_HAL_Driver/Src/stm32f1xx_hal_uart.o

.debug_aranges  0x0000000000000000      0xd38
 .debug_aranges
                0x0000000000000000       0x80 ./Core/Src/TrafficLight.o
 .debug_aranges
                0x0000000000000080       0x28 ./Core/Src/fsm_automatic.o
 .debug_aranges
                0x00000000000000a8       0x20 ./Core/Src/fsm_manual.o
 .debug_aranges
                0x00000000000000c8       0x18 ./Core/Src/global.o
 .debug_aranges
                0x00000000000000e0       0x38 ./Core/Src/input_reading.o
 .debug_aranges
                0x0000000000000118       0x58 ./Core/Src/main.o
 .debug_aranges
                0x0000000000000170       0x48 ./Core/Src/stm32f1xx_hal_msp.o
 .debug_aranges
                0x00000000000001b8       0x68 ./Core/Src/stm32f1xx_it.o
 .debug_aranges
                0x0000000000000220       0x28 ./Core/Src/system_stm32f1xx.o
 .debug_aranges
                0x0000000000000248       0xc8 ./Core/Src/timer.o
 .debug_aranges
                0x0000000000000310       0x28 ./Core/Startup/startup_stm32f103rbtx.o
 .debug_aranges
                0x0000000000000338       0xe0 ./Drivers/STM32F1xx_HAL_Driver/Src/stm32f1xx_hal.o
 .debug_aranges
                0x0000000000000418      0x100 ./Drivers/STM32F1xx_HAL_Driver/Src/stm32f1xx_hal_cortex.o
 .debug_aranges
                0x0000000000000518       0x58 ./Drivers/STM32F1xx_HAL_Driver/Src/stm32f1xx_hal_gpio.o
 .debug_aranges
                0x0000000000000570       0x90 ./Drivers/STM32F1xx_HAL_Driver/Src/stm32f1xx_hal_rcc.o
 .debug_aranges
                0x0000000000000600      0x3d0 ./Drivers/STM32F1xx_HAL_Driver/Src/stm32f1xx_hal_tim.o
 .debug_aranges
                0x00000000000009d0      0x168 ./Drivers/STM32F1xx_HAL_Driver/Src/stm32f1xx_hal_tim_ex.o
 .debug_aranges
                0x0000000000000b38      0x200 ./Drivers/STM32F1xx_HAL_Driver/Src/stm32f1xx_hal_uart.o

.debug_ranges   0x0000000000000000      0xc48
 .debug_ranges  0x0000000000000000       0x70 ./Core/Src/TrafficLight.o
 .debug_ranges  0x0000000000000070       0x18 ./Core/Src/fsm_automatic.o
 .debug_ranges  0x0000000000000088       0x10 ./Core/Src/fsm_manual.o
 .debug_ranges  0x0000000000000098       0x28 ./Core/Src/input_reading.o
 .debug_ranges  0x00000000000000c0       0x48 ./Core/Src/main.o
 .debug_ranges  0x0000000000000108       0x38 ./Core/Src/stm32f1xx_hal_msp.o
 .debug_ranges  0x0000000000000140       0x58 ./Core/Src/stm32f1xx_it.o
 .debug_ranges  0x0000000000000198       0x18 ./Core/Src/system_stm32f1xx.o
 .debug_ranges  0x00000000000001b0       0xb8 ./Core/Src/timer.o
 .debug_ranges  0x0000000000000268       0x20 ./Core/Startup/startup_stm32f103rbtx.o
 .debug_ranges  0x0000000000000288       0xd0 ./Drivers/STM32F1xx_HAL_Driver/Src/stm32f1xx_hal.o
 .debug_ranges  0x0000000000000358       0xf0 ./Drivers/STM32F1xx_HAL_Driver/Src/stm32f1xx_hal_cortex.o
 .debug_ranges  0x0000000000000448       0x48 ./Drivers/STM32F1xx_HAL_Driver/Src/stm32f1xx_hal_gpio.o
 .debug_ranges  0x0000000000000490       0x80 ./Drivers/STM32F1xx_HAL_Driver/Src/stm32f1xx_hal_rcc.o
 .debug_ranges  0x0000000000000510      0x3c0 ./Drivers/STM32F1xx_HAL_Driver/Src/stm32f1xx_hal_tim.o
 .debug_ranges  0x00000000000008d0      0x158 ./Drivers/STM32F1xx_HAL_Driver/Src/stm32f1xx_hal_tim_ex.o
 .debug_ranges  0x0000000000000a28      0x220 ./Drivers/STM32F1xx_HAL_Driver/Src/stm32f1xx_hal_uart.o

.debug_macro    0x0000000000000000    0x18986
 .debug_macro   0x0000000000000000      0x3a3 ./Core/Src/TrafficLight.o
 .debug_macro   0x00000000000003a3      0xa6c ./Core/Src/TrafficLight.o
 .debug_macro   0x0000000000000e0f      0x21b ./Core/Src/TrafficLight.o
 .debug_macro   0x000000000000102a       0x2e ./Core/Src/TrafficLight.o
 .debug_macro   0x0000000000001058       0x22 ./Core/Src/TrafficLight.o
 .debug_macro   0x000000000000107a       0x22 ./Core/Src/TrafficLight.o
 .debug_macro   0x000000000000109c       0x8e ./Core/Src/TrafficLight.o
 .debug_macro   0x000000000000112a       0x51 ./Core/Src/TrafficLight.o
 .debug_macro   0x000000000000117b      0x103 ./Core/Src/TrafficLight.o
 .debug_macro   0x000000000000127e       0x6a ./Core/Src/TrafficLight.o
 .debug_macro   0x00000000000012e8      0x1df ./Core/Src/TrafficLight.o
 .debug_macro   0x00000000000014c7       0x1c ./Core/Src/TrafficLight.o
 .debug_macro   0x00000000000014e3       0x22 ./Core/Src/TrafficLight.o
 .debug_macro   0x0000000000001505       0xbd ./Core/Src/TrafficLight.o
 .debug_macro   0x00000000000015c2      0xd23 ./Core/Src/TrafficLight.o
 .debug_macro   0x00000000000022e5     0xe09e ./Core/Src/TrafficLight.o
 .debug_macro   0x0000000000010383       0x6d ./Core/Src/TrafficLight.o
 .debug_macro   0x00000000000103f0     0x3468 ./Core/Src/TrafficLight.o
 .debug_macro   0x0000000000013858      0x174 ./Core/Src/TrafficLight.o
 .debug_macro   0x00000000000139cc       0x5c ./Core/Src/TrafficLight.o
 .debug_macro   0x0000000000013a28      0x5be ./Core/Src/TrafficLight.o
 .debug_macro   0x0000000000013fe6      0x289 ./Core/Src/TrafficLight.o
 .debug_macro   0x000000000001426f      0x1cb ./Core/Src/TrafficLight.o
 .debug_macro   0x000000000001443a      0x114 ./Core/Src/TrafficLight.o
 .debug_macro   0x000000000001454e      0x1b2 ./Core/Src/TrafficLight.o
 .debug_macro   0x0000000000014700       0x27 ./Core/Src/TrafficLight.o
 .debug_macro   0x0000000000014727      0x136 ./Core/Src/TrafficLight.o
 .debug_macro   0x000000000001485d      0x1bc ./Core/Src/TrafficLight.o
 .debug_macro   0x0000000000014a19       0x34 ./Core/Src/TrafficLight.o
 .debug_macro   0x0000000000014a4d       0x3c ./Core/Src/TrafficLight.o
 .debug_macro   0x0000000000014a89       0x57 ./Core/Src/TrafficLight.o
 .debug_macro   0x0000000000014ae0       0x88 ./Core/Src/TrafficLight.o
 .debug_macro   0x0000000000014b68      0x241 ./Core/Src/TrafficLight.o
 .debug_macro   0x0000000000014da9      0x141 ./Core/Src/TrafficLight.o
 .debug_macro   0x0000000000014eea      0x8d1 ./Core/Src/TrafficLight.o
 .debug_macro   0x00000000000157bb      0x279 ./Core/Src/TrafficLight.o
 .debug_macro   0x0000000000015a34       0x83 ./Core/Src/TrafficLight.o
 .debug_macro   0x0000000000015ab7       0x7c ./Core/Src/TrafficLight.o
 .debug_macro   0x0000000000015b33       0x46 ./Core/Src/TrafficLight.o
 .debug_macro   0x0000000000015b79       0x52 ./Core/Src/TrafficLight.o
 .debug_macro   0x0000000000015bcb       0x18 ./Core/Src/TrafficLight.o
 .debug_macro   0x0000000000015be3       0x3c ./Core/Src/TrafficLight.o
 .debug_macro   0x0000000000015c1f       0x34 ./Core/Src/TrafficLight.o
 .debug_macro   0x0000000000015c53       0x16 ./Core/Src/TrafficLight.o
 .debug_macro   0x0000000000015c69       0x43 ./Core/Src/TrafficLight.o
 .debug_macro   0x0000000000015cac       0x34 ./Core/Src/TrafficLight.o
 .debug_macro   0x0000000000015ce0       0x10 ./Core/Src/TrafficLight.o
 .debug_macro   0x0000000000015cf0       0x58 ./Core/Src/TrafficLight.o
 .debug_macro   0x0000000000015d48       0x71 ./Core/Src/TrafficLight.o
 .debug_macro   0x0000000000015db9       0x1c ./Core/Src/TrafficLight.o
 .debug_macro   0x0000000000015dd5      0x12a ./Core/Src/TrafficLight.o
 .debug_macro   0x0000000000015eff      0x341 ./Core/Src/TrafficLight.o
 .debug_macro   0x0000000000016240       0x10 ./Core/Src/TrafficLight.o
 .debug_macro   0x0000000000016250       0x35 ./Core/Src/TrafficLight.o
 .debug_macro   0x0000000000016285       0x20 ./Core/Src/TrafficLight.o
 .debug_macro   0x00000000000162a5       0x1c ./Core/Src/TrafficLight.o
 .debug_macro   0x00000000000162c1       0x10 ./Core/Src/TrafficLight.o
 .debug_macro   0x00000000000162d1       0x10 ./Core/Src/TrafficLight.o
 .debug_macro   0x00000000000162e1       0x1c ./Core/Src/TrafficLight.o
 .debug_macro   0x00000000000162fd       0x52 ./Core/Src/TrafficLight.o
 .debug_macro   0x000000000001634f       0x22 ./Core/Src/TrafficLight.o
 .debug_macro   0x0000000000016371       0x10 ./Core/Src/TrafficLight.o
 .debug_macro   0x0000000000016381       0x52 ./Core/Src/TrafficLight.o
 .debug_macro   0x00000000000163d3       0xd5 ./Core/Src/TrafficLight.o
 .debug_macro   0x00000000000164a8       0x1c ./Core/Src/TrafficLight.o
 .debug_macro   0x00000000000164c4       0x3d ./Core/Src/TrafficLight.o
 .debug_macro   0x0000000000016501       0x16 ./Core/Src/TrafficLight.o
 .debug_macro   0x0000000000016517      0x145 ./Core/Src/TrafficLight.o
 .debug_macro   0x000000000001665c       0x64 ./Core/Src/TrafficLight.o
 .debug_macro   0x00000000000166c0      0x377 ./Core/Src/fsm_automatic.o
 .debug_macro   0x0000000000016a37      0x377 ./Core/Src/fsm_manual.o
 .debug_macro   0x0000000000016dae      0x363 ./Core/Src/global.o
 .debug_macro   0x0000000000017111      0x1c7 ./Core/Src/input_reading.o
 .debug_macro   0x00000000000172d8       0x40 ./Core/Src/input_reading.o
 .debug_macro   0x0000000000017318      0x389 ./Core/Src/main.o
 .debug_macro   0x00000000000176a1      0x1b2 ./Core/Src/stm32f1xx_hal_msp.o
 .debug_macro   0x0000000000017853      0x1bc ./Core/Src/stm32f1xx_it.o
 .debug_macro   0x0000000000017a0f      0x1a3 ./Core/Src/system_stm32f1xx.o
 .debug_macro   0x0000000000017bb2      0x1bc ./Core/Src/timer.o
 .debug_macro   0x0000000000017d6e      0x1c7 ./Drivers/STM32F1xx_HAL_Driver/Src/stm32f1xx_hal.o
 .debug_macro   0x0000000000017f35      0x1a3 ./Drivers/STM32F1xx_HAL_Driver/Src/stm32f1xx_hal_cortex.o
 .debug_macro   0x00000000000180d8      0x20e ./Drivers/STM32F1xx_HAL_Driver/Src/stm32f1xx_hal_gpio.o
 .debug_macro   0x00000000000182e6      0x1b5 ./Drivers/STM32F1xx_HAL_Driver/Src/stm32f1xx_hal_rcc.o
 .debug_macro   0x000000000001849b      0x1a4 ./Drivers/STM32F1xx_HAL_Driver/Src/stm32f1xx_hal_tim.o
 .debug_macro   0x000000000001863f      0x1a3 ./Drivers/STM32F1xx_HAL_Driver/Src/stm32f1xx_hal_tim_ex.o
 .debug_macro   0x00000000000187e2      0x1a4 ./Drivers/STM32F1xx_HAL_Driver/Src/stm32f1xx_hal_uart.o

.debug_line     0x0000000000000000     0xeb0d
 .debug_line    0x0000000000000000      0xa32 ./Core/Src/TrafficLight.o
 .debug_line    0x0000000000000a32      0xa28 ./Core/Src/fsm_automatic.o
 .debug_line    0x000000000000145a      0xc1d ./Core/Src/fsm_manual.o
 .debug_line    0x0000000000002077      0x883 ./Core/Src/global.o
 .debug_line    0x00000000000028fa      0x81b ./Core/Src/input_reading.o
 .debug_line    0x0000000000003115      0xabb ./Core/Src/main.o
 .debug_line    0x0000000000003bd0      0x748 ./Core/Src/stm32f1xx_hal_msp.o
 .debug_line    0x0000000000004318      0x748 ./Core/Src/stm32f1xx_it.o
 .debug_line    0x0000000000004a60      0x6ec ./Core/Src/system_stm32f1xx.o
 .debug_line    0x000000000000514c      0x945 ./Core/Src/timer.o
 .debug_line    0x0000000000005a91       0x87 ./Core/Startup/startup_stm32f103rbtx.o
 .debug_line    0x0000000000005b18      0x919 ./Drivers/STM32F1xx_HAL_Driver/Src/stm32f1xx_hal.o
 .debug_line    0x0000000000006431      0xb01 ./Drivers/STM32F1xx_HAL_Driver/Src/stm32f1xx_hal_cortex.o
 .debug_line    0x0000000000006f32      0x9b0 ./Drivers/STM32F1xx_HAL_Driver/Src/stm32f1xx_hal_gpio.o
 .debug_line    0x00000000000078e2      0xd27 ./Drivers/STM32F1xx_HAL_Driver/Src/stm32f1xx_hal_rcc.o
 .debug_line    0x0000000000008609     0x32cf ./Drivers/STM32F1xx_HAL_Driver/Src/stm32f1xx_hal_tim.o
 .debug_line    0x000000000000b8d8     0x1841 ./Drivers/STM32F1xx_HAL_Driver/Src/stm32f1xx_hal_tim_ex.o
 .debug_line    0x000000000000d119     0x19f4 ./Drivers/STM32F1xx_HAL_Driver/Src/stm32f1xx_hal_uart.o

.debug_str      0x0000000000000000    0x8a90a
 .debug_str     0x0000000000000000    0x87232 ./Core/Src/TrafficLight.o
                                      0x875a0 (size before relaxing)
 .debug_str     0x0000000000087232      0x18e ./Core/Src/fsm_automatic.o
                                      0x8753f (size before relaxing)
 .debug_str     0x00000000000873c0       0x71 ./Core/Src/fsm_manual.o
                                      0x874ca (size before relaxing)
 .debug_str     0x0000000000087431       0x30 ./Core/Src/global.o
                                      0x8744f (size before relaxing)
 .debug_str     0x0000000000087461      0x103 ./Core/Src/input_reading.o
                                      0x8360c (size before relaxing)
 .debug_str     0x0000000000087564      0xa53 ./Core/Src/main.o
                                      0x87f7d (size before relaxing)
 .debug_str     0x0000000000087fb7      0x374 ./Core/Src/stm32f1xx_hal_msp.o
                                      0x83ef3 (size before relaxing)
 .debug_str     0x000000000008832b       0xec ./Core/Src/stm32f1xx_it.o
                                      0x83955 (size before relaxing)
 .debug_str     0x0000000000088417       0x7e ./Core/Src/system_stm32f1xx.o
                                      0x832ae (size before relaxing)
 .debug_str     0x0000000000088495      0x156 ./Core/Src/timer.o
                                      0x8357a (size before relaxing)
 .debug_str     0x00000000000885eb       0x36 ./Core/Startup/startup_stm32f103rbtx.o
                                         0x5d (size before relaxing)
 .debug_str     0x0000000000088621      0x38e ./Drivers/STM32F1xx_HAL_Driver/Src/stm32f1xx_hal.o
                                      0x839e1 (size before relaxing)
 .debug_str     0x00000000000889af      0x294 ./Drivers/STM32F1xx_HAL_Driver/Src/stm32f1xx_hal_cortex.o
                                      0x8392d (size before relaxing)
 .debug_str     0x0000000000088c43      0x2d5 ./Drivers/STM32F1xx_HAL_Driver/Src/stm32f1xx_hal_gpio.o
                                      0x83634 (size before relaxing)
 .debug_str     0x0000000000088f18      0x229 ./Drivers/STM32F1xx_HAL_Driver/Src/stm32f1xx_hal_rcc.o
                                      0x836dd (size before relaxing)
 .debug_str     0x0000000000089141      0xd38 ./Drivers/STM32F1xx_HAL_Driver/Src/stm32f1xx_hal_tim.o
                                      0x846c8 (size before relaxing)
 .debug_str     0x0000000000089e79      0x493 ./Drivers/STM32F1xx_HAL_Driver/Src/stm32f1xx_hal_tim_ex.o
                                      0x83ee4 (size before relaxing)
 .debug_str     0x000000000008a30c      0x5fe ./Drivers/STM32F1xx_HAL_Driver/Src/stm32f1xx_hal_uart.o
                                      0x83ce8 (size before relaxing)

.comment        0x0000000000000000       0x50
 .comment       0x0000000000000000       0x50 ./Core/Src/TrafficLight.o
                                         0x51 (size before relaxing)
 .comment       0x0000000000000050       0x51 ./Core/Src/fsm_automatic.o
 .comment       0x0000000000000050       0x51 ./Core/Src/fsm_manual.o
 .comment       0x0000000000000050       0x51 ./Core/Src/global.o
 .comment       0x0000000000000050       0x51 ./Core/Src/input_reading.o
 .comment       0x0000000000000050       0x51 ./Core/Src/main.o
 .comment       0x0000000000000050       0x51 ./Core/Src/stm32f1xx_hal_msp.o
 .comment       0x0000000000000050       0x51 ./Core/Src/stm32f1xx_it.o
 .comment       0x0000000000000050       0x51 ./Core/Src/system_stm32f1xx.o
 .comment       0x0000000000000050       0x51 ./Core/Src/timer.o
 .comment       0x0000000000000050       0x51 ./Drivers/STM32F1xx_HAL_Driver/Src/stm32f1xx_hal.o
 .comment       0x0000000000000050       0x51 ./Drivers/STM32F1xx_HAL_Driver/Src/stm32f1xx_hal_cortex.o
 .comment       0x0000000000000050       0x51 ./Drivers/STM32F1xx_HAL_Driver/Src/stm32f1xx_hal_gpio.o
 .comment       0x0000000000000050       0x51 ./Drivers/STM32F1xx_HAL_Driver/Src/stm32f1xx_hal_rcc.o
 .comment       0x0000000000000050       0x51 ./Drivers/STM32F1xx_HAL_Driver/Src/stm32f1xx_hal_tim.o
 .comment       0x0000000000000050       0x51 ./Drivers/STM32F1xx_HAL_Driver/Src/stm32f1xx_hal_tim_ex.o
 .comment       0x0000000000000050       0x51 ./Drivers/STM32F1xx_HAL_Driver/Src/stm32f1xx_hal_uart.o

.debug_frame    0x0000000000000000     0x3534
 .debug_frame   0x0000000000000000      0x17c ./Core/Src/TrafficLight.o
 .debug_frame   0x000000000000017c       0x48 ./Core/Src/fsm_automatic.o
 .debug_frame   0x00000000000001c4       0x2c ./Core/Src/fsm_manual.o
 .debug_frame   0x00000000000001f0       0xb0 ./Core/Src/input_reading.o
 .debug_frame   0x00000000000002a0      0x114 ./Core/Src/main.o
 .debug_frame   0x00000000000003b4       0xec ./Core/Src/stm32f1xx_hal_msp.o
 .debug_frame   0x00000000000004a0      0x120 ./Core/Src/stm32f1xx_it.o
 .debug_frame   0x00000000000005c0       0x58 ./Core/Src/system_stm32f1xx.o
 .debug_frame   0x0000000000000618      0x308 ./Core/Src/timer.o
 .debug_frame   0x0000000000000920      0x334 ./Drivers/STM32F1xx_HAL_Driver/Src/stm32f1xx_hal.o
 .debug_frame   0x0000000000000c54      0x428 ./Drivers/STM32F1xx_HAL_Driver/Src/stm32f1xx_hal_cortex.o
 .debug_frame   0x000000000000107c      0x14c ./Drivers/STM32F1xx_HAL_Driver/Src/stm32f1xx_hal_gpio.o
 .debug_frame   0x00000000000011c8      0x21c ./Drivers/STM32F1xx_HAL_Driver/Src/stm32f1xx_hal_rcc.o
 .debug_frame   0x00000000000013e4     0x11b8 ./Drivers/STM32F1xx_HAL_Driver/Src/stm32f1xx_hal_tim.o
 .debug_frame   0x000000000000259c      0x638 ./Drivers/STM32F1xx_HAL_Driver/Src/stm32f1xx_hal_tim_ex.o
 .debug_frame   0x0000000000002bd4      0x914 ./Drivers/STM32F1xx_HAL_Driver/Src/stm32f1xx_hal_uart.o
 .debug_frame   0x00000000000034e8       0x2c c:/st/stm32cubeide_1.7.0/stm32cubeide/plugins/com.st.stm32cube.ide.mcu.externaltools.gnu-tools-for-stm32.10.3-2021.10.win32_1.0.0.202111181127/tools/bin/../lib/gcc/arm-none-eabi/10.3.1/../../../../arm-none-eabi/lib/thumb/v7-m/nofp\libc_nano.a(lib_a-init.o)
 .debug_frame   0x0000000000003514       0x20 c:/st/stm32cubeide_1.7.0/stm32cubeide/plugins/com.st.stm32cube.ide.mcu.externaltools.gnu-tools-for-stm32.10.3-2021.10.win32_1.0.0.202111181127/tools/bin/../lib/gcc/arm-none-eabi/10.3.1/../../../../arm-none-eabi/lib/thumb/v7-m/nofp\libc_nano.a(lib_a-memset.o)
